PASS source_no_alias_abstraction [precondition / logical blocks distinct]
  - distinct source names are interpreted as distinct logical blocks
  - logical read/write footprints are computed under the no-alias abstraction
  - finite source accesses are covered by their declared object footprints
  - validator assumptions would be unsound if A and B had the same physical base

PASS contextual_frame_preservation [contextual frame / allowed writes plus preserved frame snapshot]
  - fragment writes are included in a declared allowed-write set
  - allowed writes are disjoint from context-owned frame cells
  - every context-frame cell has aligned before/after snapshot evidence
  - frame snapshot values are preserved across the fragment
  - observable transformed output matches the source output on non-frame cells

PASS affine_interchange [instance-preserving / storage-preserving]
  - bijection on statement instances
  - read/write access functions are identical
  - no loop-carried dependences are introduced or reordered

PASS index_set_splitting [instance-preserving / domain partition]
  - target subdomains are disjoint
  - target subdomains exactly cover the source domain
  - each target substatement projects to exactly one source instance

PASS ordinary_tiling [instance-preserving / grouped schedule]
  - tile projection covers every source instance
  - tile projection is injective for ordinary non-overlapped tiling
  - access functions are unchanged

PASS scalar_privatization_expansion [same instances / scalar storage expansion]
  - each (source instance, source scalar cell) selects one expanded private cell
  - private storage map rho(i) = tmp_exp[i] is injective over live private classes
  - all scalar expansion events use the declared private cell for their key
  - each private read is dominated by its same-class write
  - expanded storage is not live-out or observable except through B

PASS private_copy_boundary [same instances / private live-in and live-out boundary copies]
  - every required public live-in has a copy-in boundary pair
  - every required public live-out has a unique copy-out boundary pair
  - boundary pairs use declared private storage cells
  - private trace read/write cells are declared private cells
  - declared private cells are within private array bounds
  - boundary copy private cells are unique on the private side
  - copy-in/copy-out boundary values match across public and private cells
  - boundary public/private cells are storage-compatible for copy-in and copy-out

PASS private_access_local_instantiation [same instances / access-level private storage instantiation]
  - symbolic private access trace is use-def well formed
  - each finite domain point instantiates private accesses to declared cells
  - instantiated private access cells are hidden from the public view
  - instantiated private access cells are within declared private bounds

PASS layout_remap_padding [same instances / injective physical address remap]
  - logical-to-physical address map is injective over the logical domain
  - all rewritten addresses are within allocated physical storage
  - padding cells are outside the observable logical image
  - target accesses use the declared layout rename at the access-function level
  - transpose-style accesses use a declared index-permutation layout witness
  - linearized accesses use a declared affine layout witness
  - one declared-layout checker covers same-index, permutation, and affine cases
  - allocated physical layout cells are within declared array extents
  - layout boundary values match the represented logical cells
  - mapped physical layout cells are storage-compatible with represented logical cells

PASS scratchpad_packing [same instances / copy-mediated local storage]
  - copy-in covers every later local read
  - local buffer address k consistently maps to source B[kk+k]
  - public-to-local copy mapping is injective during each tile
  - copy mapping public cells belong to the declared public-cell set
  - copy mapping local cells belong to the declared local-buffer set
  - declared public cells are within public array bounds
  - declared local-buffer cells are within local array bounds
  - local buffer cells are storage-compatible with represented public cells
  - local buffer lifetime is tile-scoped and fresh between tiles

PASS scratchpad_copy_out [same instances / copy-mediated local update plus commit]
  - copy-in initializes each local cell before local compute
  - copy-out commits every updated logical cell exactly once
  - copy helper instance roles align with copy protocol events
  - local writes are unobservable until committed

PASS scalar_promotion [same instances / array cell simulated by scalar]
  - entry load initializes the scalar from the promoted cell
  - all reads and writes in the promoted region are simulated by the scalar
  - promoted scalar storage is compatible with the source cell
  - exit store commits the scalar back before the cell is observed

PASS array_contraction [same logical values / non-injective conflict-safe storage reuse]
  - non-injective map rho(t,i) = (t mod 2,i) is allowed only for non-conflicting values
  - explicit live intervals cover every overlap conflict under the schedule
  - every reused physical buffer cell is within declared rolling-buffer bounds
  - reuse boundary mapping covers every observable source live-out
  - reused physical boundary cells are storage-compatible with represented logical cells
  - reuse boundary values match the projected physical cells
  - final observable row projects from the correct parity buffer

PASS inter_array_reuse [same instances / cross-array lifetime-based storage reuse]
  - logical arrays mapped to one buffer have non-overlapping live ranges
  - shared physical buffer cells are used only by non-overlapping lifetimes
  - shared physical buffer cells are within declared Buf bounds
  - reused cells are size/alignment compatible with the shared buffer
  - all accesses in each lifetime interval are rewritten consistently

PASS array_expansion_versioning [same instances / more physical versions plus copy-out]
  - each read selects the version produced by the same logical iteration
  - read-selected produced versions are within declared version-array bounds
  - read-selected produced values match target reads
  - extra versions project back to one source logical array
  - selected committed versions cover source live-outs exactly once
  - selected target versions are storage-compatible with source live-outs
  - selected target versions are within declared version-array bounds
  - selected version values match represented source live-outs
  - copy-out commits exactly the final source-observable version

PASS overlapped_tiling [instance-count-changing / private recomputation plus unique commit]
  - projection maps every target computation to a valid source instance
  - commit instances form an exact cover of source live-out instances
  - tile-local dependence closure covers every committed B computation
  - tile-local producers precede their consumers in the target trace
  - internal target writes go to tile-private cells
  - commit target writes go to public commit cells exactly once
  - tile-private overlap write cells are within declared private-buffer bounds
  - commit overlap write cells are within declared public-output bounds
  - duplicated halo/internal writes are tile-local and invisible

PASS reduction_privatization [parallel/storage privatization plus merge]
  - iteration chunks are disjoint and exactly cover the source reduction domain
  - private accumulators are fresh per chunk
  - private accumulators are storage-compatible with the public reduction cell
  - private accumulators are within declared accumulator-array bounds
  - private accumulators are disjoint from the context escape set
  - merge order consumes every private accumulator exactly once
  - merge-order accumulator values fold to the final reduction value
  - merge operator is closed, associative, commutative, and has an identity on the finite carrier

PASS double_buffering [same logical values / phase-separated ping-pong storage]
  - next buffer is written before it is read in the following phase
  - cur buffer remains live until the phase's computation completes
  - next-live values come from the phase write snapshot
  - all phase entry/read/write/next-live cells are within declared buffer bounds
  - swap implements the projection from physical buffer to logical time
  - final phase value snapshot matches the final-live physical cells
  - final phase projection covers every logical live-out
  - phase projection values match final physical buffer cells
  - final phase physical cells are storage-compatible with logical live-outs
  - final phase physical cells are within declared buffer bounds

PASS storage_view_composition [composition / layout projection followed by private erasure]
  - target-to-mid private-erasure view ignores only fresh private cells
  - mid-to-source layout view projects padded physical cells to logical cells
  - the two views agree on the observable intermediate cells
  - the composed cell view covers exactly the public source and target cells
  - there exists an intermediate state satisfying both view relations
  - the composed observation relates target physical cells to source logical cells
  - access remap witnesses compose through the same intermediate cells
