PASS source_no_alias_abstraction [precondition / logical blocks distinct]
  - distinct source names are interpreted as distinct logical blocks
  - logical read/write footprints are computed under the no-alias abstraction
  - finite source accesses are covered by their declared object footprints
  - validator assumptions would be unsound if A and B had the same physical base

PASS contextual_frame_preservation [contextual frame / allowed writes plus preserved frame snapshot]
  - fragment writes are included in a declared allowed-write set
  - allowed writes are disjoint from context-owned frame cells
  - every context-frame cell has aligned before/after snapshot evidence
  - frame snapshot values are preserved across the fragment
  - observable transformed output matches the source output on non-frame cells

PASS affine_interchange [instance-preserving / storage-preserving]
  - bijection on statement instances
  - read/write access functions are identical
  - no loop-carried dependences are introduced or reordered

PASS index_set_splitting [instance-preserving / domain partition]
  - target subdomains are disjoint
  - target subdomains exactly cover the source domain
  - each target substatement projects to exactly one source instance

PASS ordinary_tiling [instance-preserving / grouped schedule]
  - tile projection covers every source instance
  - tile projection is injective for ordinary non-overlapped tiling
  - access functions are unchanged

PASS scalar_privatization_expansion [same instances / scalar storage expansion]
  - each (source instance, source scalar cell) selects one expanded private cell
  - private storage map rho(i) = tmp_exp[i] is injective over live private classes
  - all scalar expansion events use the declared private cell for their key
  - each private read is dominated by its same-class write
  - expanded storage is not live-out or observable except through B

PASS private_copy_boundary [same instances / private live-in and live-out boundary copies]
  - every required public live-in has a copy-in boundary pair
  - every required public live-out has a unique copy-out boundary pair
  - boundary pairs use declared private storage cells
  - private trace read/write cells are declared private cells
  - declared private cells are within private array bounds
  - boundary copy private cells are unique on the private side
  - copy-in/copy-out boundary values match across public and private cells
  - boundary public/private cells are storage-compatible for copy-in and copy-out

PASS private_access_local_instantiation [same instances / access-level private storage instantiation]
  - symbolic private access trace is use-def well formed
  - each finite domain point instantiates private accesses to declared cells
  - instantiated private access cells are hidden from the public view
  - instantiated private access cells are within declared private bounds

PASS layout_remap_padding [same instances / injective physical address remap]
  - logical-to-physical address map is injective over the logical domain
  - all rewritten addresses are within allocated physical storage
  - padding cells are outside the observable logical image
  - target accesses use the declared layout rename at the access-function level
  - transpose-style accesses use a declared index-permutation layout witness
  - linearized accesses use a declared affine layout witness
  - one declared-layout checker covers same-index, permutation, and affine cases
  - allocated physical layout cells are within declared array extents
  - layout boundary values match the represented logical cells
  - mapped physical layout cells are storage-compatible with represented logical cells

PASS scratchpad_packing [same instances / copy-mediated local storage]
  - copy-in covers every later local read
  - local buffer address k consistently maps to source B[kk+k]
  - public-to-local copy mapping is injective during each tile
  - copy mapping public cells belong to the declared public-cell set
  - copy mapping local cells belong to the declared local-buffer set
  - declared public cells are within public array bounds
  - declared local-buffer cells are within local array bounds
  - local buffer cells are storage-compatible with represented public cells
  - local buffer lifetime is tile-scoped and fresh between tiles

PASS scratchpad_copy_out [same instances / copy-mediated local update plus commit]
  - copy-in initializes each local cell before local compute
  - copy-out commits every updated logical cell exactly once
  - copy helper instance roles align with copy protocol events
  - local writes are unobservable until committed

PASS scalar_promotion [same instances / array cell simulated by scalar]
  - entry load initializes the scalar from the promoted cell
  - all reads and writes in the promoted region are simulated by the scalar
  - promoted scalar storage is compatible with the source cell
  - exit store commits the scalar back before the cell is observed

PASS array_contraction [same logical values / non-injective conflict-safe storage reuse]
  - non-injective map rho(t,i) = (t mod 2,i) is allowed only for non-conflicting values
  - explicit live intervals cover every overlap conflict under the schedule
  - every reused physical buffer cell is within declared rolling-buffer bounds
  - reuse boundary mapping covers every observable source live-out
  - reused physical boundary cells are storage-compatible with represented logical cells
  - reuse boundary values match the projected physical cells
  - final observable row projects from the correct parity buffer

PASS inter_array_reuse [same instances / cross-array lifetime-based storage reuse]
  - logical arrays mapped to one buffer have non-overlapping live ranges
  - shared physical buffer cells are used only by non-overlapping lifetimes
  - shared physical buffer cells are within declared Buf bounds
  - reused cells are size/alignment compatible with the shared buffer
  - all accesses in each lifetime interval are rewritten consistently

PASS array_expansion_versioning [same instances / more physical versions plus copy-out]
  - each read selects the version produced by the same logical iteration
  - read-selected produced versions are within declared version-array bounds
  - read-selected produced values match target reads
  - extra versions project back to one source logical array
  - selected committed versions cover source live-outs exactly once
  - selected target versions are storage-compatible with source live-outs
  - selected target versions are within declared version-array bounds
  - selected version values match represented source live-outs
  - copy-out commits exactly the final source-observable version

PASS overlapped_tiling [instance-count-changing / private recomputation plus unique commit]
  - projection maps every target computation to a valid source instance
  - commit instances form an exact cover of source live-out instances
  - tile-local dependence closure covers every committed B computation
  - tile-local producers precede their consumers in the target trace
  - internal target writes go to tile-private cells
  - commit target writes go to public commit cells exactly once
  - tile-private overlap write cells are within declared private-buffer bounds
  - commit overlap write cells are within declared public-output bounds
  - duplicated halo/internal writes are tile-local and invisible

PASS reduction_privatization [parallel/storage privatization plus merge]
  - iteration chunks are disjoint and exactly cover the source reduction domain
  - private accumulators are fresh per chunk
  - private accumulators are storage-compatible with the public reduction cell
  - private accumulators are within declared accumulator-array bounds
  - private accumulators are disjoint from the context escape set
  - merge order consumes every private accumulator exactly once
  - merge-order accumulator values fold to the final reduction value
  - merge operator is closed, associative, commutative, and has an identity on the finite carrier

PASS double_buffering [same logical values / phase-separated ping-pong storage]
  - next buffer is written before it is read in the following phase
  - cur buffer remains live until the phase's computation completes
  - next-live values come from the phase write snapshot
  - all phase entry/read/write/next-live cells are within declared buffer bounds
  - swap implements the projection from physical buffer to logical time
  - final phase value snapshot matches the final-live physical cells
  - final phase projection covers every logical live-out
  - phase projection values match final physical buffer cells
  - final phase physical cells are storage-compatible with logical live-outs
  - final phase physical cells are within declared buffer bounds

PASS storage_view_composition [composition / layout projection followed by private erasure]
  - target-to-mid private-erasure view ignores only fresh private cells
  - mid-to-source layout view projects padded physical cells to logical cells
  - the two views agree on the observable intermediate cells
  - the composed cell view covers exactly the public source and target cells
  - there exists an intermediate state satisfying both view relations
  - the composed observation relates target physical cells to source logical cells
  - access remap witnesses compose through the same intermediate cells

PASS_NEG missing_private_fill [scalar_privatization_expansion]: rejected (tmp_exp[0] read before write)
PASS_NEG scalar_expansion_duplicate_private [scalar_privatization_expansion]: rejected (expanded private cells are not fresh)
PASS_NEG scalar_expansion_event_mismatch [scalar_privatization_expansion]: rejected (scalar expansion event uses the wrong private cell)
PASS_NEG scalar_expansion_read_before_fill [scalar_privatization_expansion]: rejected (scalar expansion read occurs before its private fill)
PASS_NEG private_missing_liveout_copy [private_copy_boundary]: rejected (private live-out has no copy-out)
PASS_NEG private_duplicate_liveout_copy [private_copy_boundary]: rejected (private live-out copy-out is not unique)
PASS_NEG private_aliasing_copyin_private [private_copy_boundary]: rejected (private copy-in target is not unique)
PASS_NEG private_trace_undeclared_cell [private_copy_boundary]: rejected (private trace uses undeclared private cell)
PASS_NEG private_out_of_declared_bounds [private_copy_boundary]: rejected (private cell falls outside declared bounds)
PASS_NEG private_bad_copyout_value [private_copy_boundary]: rejected (copy-out boundary value mismatch)
PASS_NEG private_incompatible_boundary_storage [private_copy_boundary]: rejected (private boundary storage spec mismatch)
PASS_NEG private_access_symbolic_read_before_write [private_access_local_instantiation]: rejected (private access read occurs before matching access write)
PASS_NEG private_access_instance_undeclared_cell [private_access_local_instantiation]: rejected (instantiated private access cell is undeclared)
PASS_NEG private_access_instance_out_of_bounds [private_access_local_instantiation]: rejected (instantiated private access cell falls outside declared bounds)
PASS_NEG scalar_promotion_incompatible_storage [scalar_promotion]: rejected (promoted scalar storage spec mismatch)
PASS_NEG source_alias_violation [source_no_alias_abstraction]: rejected (A and B may alias)
PASS_NEG source_access_unknown_object [source_no_alias_abstraction]: rejected (source access object has no declared footprint)
PASS_NEG source_access_outside_footprint [source_no_alias_abstraction]: rejected (source access falls outside declared object footprint)
PASS_NEG aliased_layout_map [layout_remap_padding]: rejected (layout map aliases logical cells)
PASS_NEG layout_bad_boundary_value [layout_remap_padding]: rejected (layout boundary value mismatch)
PASS_NEG layout_incompatible_storage [layout_remap_padding]: rejected (layout storage spec mismatch)
PASS_NEG layout_out_of_declared_bounds [layout_remap_padding]: rejected (allocated layout cell falls outside declared array bounds)
PASS_NEG layout_bad_access_remap [layout_remap_padding]: rejected (layout access remap changes affine index)
PASS_NEG layout_bad_permutation_access_remap [layout_remap_padding]: rejected (target access does not use declared index permutation)
PASS_NEG layout_bad_affine_access_remap [layout_remap_padding]: rejected (target access does not use declared affine layout)
PASS_NEG missing_copy_in [scratchpad_packing]: rejected (Bp[3] used before copy-in)
PASS_NEG scratchpad_bad_local_remap [scratchpad_packing]: rejected (public cells mapped to local buffer are not injective)
PASS_NEG scratchpad_incompatible_local_storage [scratchpad_packing]: rejected (scratchpad local storage spec mismatch)
PASS_NEG scratchpad_local_out_of_bounds [scratchpad_packing]: rejected (scratchpad local cell falls outside declared bounds)
PASS_NEG scratchpad_public_undeclared [scratchpad_packing]: rejected (copy mapping public cell is not declared)
PASS_NEG scratchpad_public_out_of_bounds [scratchpad_packing]: rejected (scratchpad public cell falls outside declared bounds)
PASS_NEG missing_copy_out [scratchpad_copy_out]: rejected (copy-out does not commit every logical output)
PASS_NEG scratchpad_bad_copy_instance_role [scratchpad_copy_out]: rejected (copy helper instance role does not match copy event)
PASS_NEG missing_contraction_conflict_pair [array_contraction]: rejected (live-overlap conflict missing for (0, 0) and (1, 0))
PASS_NEG mod_one_contraction_conflict [array_contraction]: rejected (conflicting values (0, 0) and (1, 0) share (0, 0))
PASS_NEG contraction_missing_boundary_liveout [array_contraction]: rejected (reuse boundary mapping does not cover every source live-out)
PASS_NEG contraction_incompatible_storage [array_contraction]: rejected (reuse boundary storage spec mismatch)
PASS_NEG contraction_target_out_of_bounds [array_contraction]: rejected (reuse target physical cell falls outside declared bounds)
PASS_NEG inter_array_live_overlap [inter_array_reuse]: rejected (T1 and T2 live ranges overlap)
PASS_NEG inter_array_same_buffer_live_overlap [inter_array_reuse]: rejected (shared buffer cells have overlapping live ranges)
PASS_NEG inter_array_incompatible_storage [inter_array_reuse]: rejected (T2 is not storage-compatible with Buf)
PASS_NEG inter_array_shared_buffer_out_of_bounds [inter_array_reuse]: rejected (shared buffer cell falls outside declared bounds)
PASS_NEG missing_expansion_copy_out [array_expansion_versioning]: rejected (final X differs without copy-out: {0: 0, 1: 0} != {0: 2, 1: 3})
PASS_NEG duplicate_selected_version [array_expansion_versioning]: rejected (selected target versions are not unique)
PASS_NEG expansion_incompatible_version_storage [array_expansion_versioning]: rejected (selected version storage spec mismatch)
PASS_NEG expansion_version_out_of_bounds [array_expansion_versioning]: rejected (selected target version falls outside declared bounds)
PASS_NEG expansion_read_selects_unproduced_version [array_expansion_versioning]: rejected (read-selected version was not produced by the expected write)
PASS_NEG expansion_read_version_out_of_bounds [array_expansion_versioning]: rejected (read-selected produced version falls outside declared bounds)
PASS_NEG duplicate_overlap_commit [overlapped_tiling]: rejected (more than one tile commits a source output)
PASS_NEG overlap_missing_halo_closure [overlapped_tiling]: rejected (tile does not locally close B dependences)
PASS_NEG overlap_bad_producer_order [overlapped_tiling]: rejected (tile producer does not precede consumer)
PASS_NEG overlap_internal_write_public_cell [overlapped_tiling]: rejected (overlap write role does not match private/commit storage)
PASS_NEG overlap_duplicate_commit_write_cell [overlapped_tiling]: rejected (overlap commit write cells are not unique)
PASS_NEG overlap_private_write_out_of_bounds [overlapped_tiling]: rejected (overlap private write cell falls outside declared bounds)
PASS_NEG overlap_commit_write_out_of_bounds [overlapped_tiling]: rejected (overlap commit write cell falls outside declared bounds)
PASS_NEG overlapping_reduction_chunks [reduction_privatization]: rejected (reduction chunks overlap)
PASS_NEG reduction_missing_merge_accumulator [reduction_privatization]: rejected (reduction merge order does not cover private accumulators exactly)
PASS_NEG reduction_incompatible_accumulator_storage [reduction_privatization]: rejected (reduction accumulator storage spec mismatch)
PASS_NEG reduction_accumulator_out_of_bounds [reduction_privatization]: rejected (reduction accumulator falls outside declared bounds)
PASS_NEG reduction_accumulator_escape [reduction_privatization]: rejected (reduction private accumulator escapes fragment)
PASS_NEG reduction_non_associative_law [reduction_privatization]: rejected (reduction merge operator is not associative on carrier)
PASS_NEG reduction_wrong_final_value [reduction_privatization]: rejected (reduction merge gives different result)
PASS_NEG double_buffer_without_swap [double_buffering]: rejected (swap does not expose the current time row)
PASS_NEG double_buffer_bad_next_value [double_buffering]: rejected (next-live value 0 does not come from phase write or entry-live value)
PASS_NEG double_buffer_bad_projection [double_buffering]: rejected (phase projection does not cover logical live-outs)
PASS_NEG double_buffer_bad_final_snapshot [double_buffering]: rejected (final phase snapshot does not match final-live cells)
PASS_NEG double_buffer_bad_projection_value [double_buffering]: rejected (phase projection value mismatch)
PASS_NEG double_buffer_incompatible_projection_storage [double_buffering]: rejected (phase projection storage spec mismatch)
PASS_NEG double_buffer_projection_out_of_bounds [double_buffering]: rejected (phase projection target falls outside declared bounds)
PASS_NEG double_buffer_phase_write_out_of_bounds [double_buffering]: rejected (phase protocol cell falls outside declared bounds)
PASS_NEG frame_write_not_allowed [contextual_frame_preservation]: rejected (fragment write is not allowed)
PASS_NEG frame_allowed_overlaps_context [contextual_frame_preservation]: rejected (allowed writes overlap frame)
PASS_NEG frame_value_changed [contextual_frame_preservation]: rejected (frame value changed across fragment)
PASS_NEG composition_bad_intermediate_public [storage_view_composition]: rejected (private-erasure view cannot relate target to intermediate state)
PASS_NEG composition_bad_access_midpoint [storage_view_composition]: rejected (composed access remap is invalid)
PASS_NEG composition_bad_mid_observables [storage_view_composition]: rejected (cell-view composition should reject incompatible intermediate observables)
